// Jest Snapshot v1, https://goo.gl/fbAQLP

exports[`Componente de criação das informações da lista de extrato O snapshot do component deve permanecer sempre o mesmo 1`] = `
<div
  class="transacao-container"
>
  <p>
    08/10/2022
  </p>
  <p>
    saque
  </p>
  <p>
    R$ 
    85.00
  </p>
</div>
`;
